// Jest Snapshot v1, https://goo.gl/fbAQLP

exports[`snapshot Test listMaker 1`] = `
[
  1,
  2,
  3,
]
`;
